2024-09-03 22:43:18 [info]: Server initialization started
2024-09-03 22:43:18 [info]: Server is running on http://localhost:4000
2024-09-03 22:56:44 [info]: Server initialization started
2024-09-03 22:56:44 [info]: Server is running on http://localhost:4000
2024-09-03 22:56:48 [info]: Server initialization started
2024-09-03 22:56:48 [info]: Server is running on http://localhost:4000
2024-09-03 22:57:09 [info]: signUpHandler function started
2024-09-03 22:57:10 [info]: Generated OTP
2024-09-03 22:57:10 [info]: sendOTP function started
2024-09-03 22:57:11 [info]: OTP sent successfully
2024-09-03 22:57:11 [info]: User signed up successfully
2024-09-03 22:59:03 [info]: Server initialization started
2024-09-03 22:59:04 [info]: Server is running on http://localhost:4000
2024-09-03 22:59:18 [info]: Server initialization started
2024-09-03 22:59:18 [info]: Server is running on http://localhost:4000
2024-09-03 22:59:26 [info]: signUpHandler function started
2024-09-03 22:59:26 [info]: Generated OTP
2024-09-03 22:59:26 [info]: sendOTP function started
2024-09-03 22:59:27 [info]: OTP sent successfully
2024-09-03 22:59:28 [info]: User signed up successfully
2024-09-03 23:01:45 [info]: Server initialization started
2024-09-03 23:01:45 [info]: Server is running on http://localhost:4000
2024-09-03 23:02:44 [info]: Server initialization started
2024-09-03 23:02:45 [info]: Server is running on http://localhost:4000
2024-09-03 23:02:54 [warn]: Not Found - /login/signU
2024-09-03 23:02:54 [error]: Unhandled Error Not Found - /login/signU
2024-09-03 23:03:14 [info]: signUpHandler function started
2024-09-03 23:03:15 [error]: Error during signup
2024-09-03 23:04:05 [info]: Server initialization started
2024-09-03 23:04:05 [info]: Server is running on http://localhost:4000
2024-09-03 23:04:18 [info]: signUpHandler function started
2024-09-03 23:04:19 [error]: Error during signup
